// Jest Snapshot v1, https://goo.gl/fbAQLP

exports[`App Debe renderear correctamente 1`] = `
<div>
  <Routes />
</div>
`;
